2026-09-24 00:30:17.056 +05:30 [INF] Serilog.AspNetCore.RequestLoggingMiddleware HTTP OPTIONS /api/Auth/register responded 204 in 0.423 ms
2026-09-24 00:30:17.270 +05:30 [INF] Serilog.AspNetCore.RequestLoggingMiddleware HTTP POST /api/Auth/register responded 200 in 198.775 ms
2026-09-24 00:30:20.921 +05:30 [INF] Serilog.AspNetCore.RequestLoggingMiddleware HTTP OPTIONS /api/Auth/login responded 204 in 0.069 ms
2026-09-24 00:30:21.043 +05:30 [INF] Serilog.AspNetCore.RequestLoggingMiddleware HTTP POST /api/Auth/login responded 200 in 118.662 ms
2026-09-24 00:30:21.064 +05:30 [INF] Serilog.AspNetCore.RequestLoggingMiddleware HTTP OPTIONS /api/BuyerMatch/preferences/me responded 204 in 0.042 ms
2026-09-24 00:30:21.065 +05:30 [INF] Serilog.AspNetCore.RequestLoggingMiddleware HTTP OPTIONS /api/BuyerMatch/available responded 204 in 0.015 ms
2026-09-24 00:30:21.067 +05:30 [INF] Serilog.AspNetCore.RequestLoggingMiddleware HTTP OPTIONS /api/BuyerMatch/recommend responded 204 in 0.053 ms
2026-09-24 00:30:21.067 +05:30 [INF] Serilog.AspNetCore.RequestLoggingMiddleware HTTP OPTIONS /api/Users/me responded 204 in 0.013 ms
2026-09-24 00:30:21.067 +05:30 [INF] Serilog.AspNetCore.RequestLoggingMiddleware HTTP OPTIONS /api/BuyerMatch/preferences/me responded 204 in 0.029 ms
2026-09-24 00:30:21.068 +05:30 [INF] Serilog.AspNetCore.RequestLoggingMiddleware HTTP OPTIONS /api/BuyerMatch/recommend responded 204 in 0.024 ms
2026-09-24 00:30:21.069 +05:30 [INF] Serilog.AspNetCore.RequestLoggingMiddleware HTTP OPTIONS /api/Users/me responded 204 in 0.018 ms
2026-09-24 00:30:21.074 +05:30 [INF] Serilog.AspNetCore.RequestLoggingMiddleware HTTP GET /api/BuyerMatch/preferences/me responded 404 in 3.871 ms
2026-09-24 00:30:21.076 +05:30 [INF] Serilog.AspNetCore.RequestLoggingMiddleware HTTP GET /api/BuyerMatch/preferences/me responded 404 in 1.322 ms
2026-09-24 00:30:21.109 +05:30 [INF] Serilog.AspNetCore.RequestLoggingMiddleware HTTP GET /api/BuyerMatch/available responded 200 in 38.185 ms
2026-09-24 00:30:21.113 +05:30 [INF] Serilog.AspNetCore.RequestLoggingMiddleware HTTP GET /api/BuyerMatch/available responded 200 in 4.110 ms
2026-09-24 00:30:21.114 +05:30 [INF] Serilog.AspNetCore.RequestLoggingMiddleware HTTP POST /api/BuyerMatch/recommend responded 200 in 43.443 ms
2026-09-24 00:30:21.114 +05:30 [INF] Serilog.AspNetCore.RequestLoggingMiddleware HTTP POST /api/BuyerMatch/recommend responded 200 in 43.093 ms
2026-09-24 00:30:21.210 +05:30 [INF] Serilog.AspNetCore.RequestLoggingMiddleware HTTP GET /api/Users/me responded 200 in 138.262 ms
2026-09-24 00:30:21.211 +05:30 [INF] Serilog.AspNetCore.RequestLoggingMiddleware HTTP GET /api/Users/me responded 200 in 0.925 ms
2026-09-24 00:30:39.889 +05:30 [INF] Serilog.AspNetCore.RequestLoggingMiddleware HTTP OPTIONS /api/Catches/flagged responded 204 in 0.022 ms
2026-09-24 00:30:39.889 +05:30 [INF] Serilog.AspNetCore.RequestLoggingMiddleware HTTP OPTIONS /api/Weather/locations responded 204 in 0.098 ms
2026-09-24 00:30:39.889 +05:30 [INF] Serilog.AspNetCore.RequestLoggingMiddleware HTTP OPTIONS /api/Catches responded 204 in 0.011 ms
2026-09-24 00:30:39.889 +05:30 [INF] Serilog.AspNetCore.RequestLoggingMiddleware HTTP OPTIONS /api/Logistics/plans responded 204 in 0.007 ms
2026-09-24 00:30:39.891 +05:30 [INF] FishLink.API.Services.WeatherService OpenWeatherMap API key not configured — using simulated weather for Negombo
2026-09-24 00:30:39.891 +05:30 [INF] FishLink.API.Services.WeatherService OpenWeatherMap API key not configured — using simulated weather for Colombo
2026-09-24 00:30:39.891 +05:30 [INF] FishLink.API.Services.WeatherService OpenWeatherMap API key not configured — using simulated weather for Galle
2026-09-24 00:30:39.891 +05:30 [INF] FishLink.API.Services.WeatherService OpenWeatherMap API key not configured — using simulated weather for Jaffna
2026-09-24 00:30:39.891 +05:30 [INF] FishLink.API.Services.WeatherService OpenWeatherMap API key not configured — using simulated weather for Matara
2026-09-24 00:30:39.891 +05:30 [INF] Serilog.AspNetCore.RequestLoggingMiddleware HTTP GET /api/Weather/locations responded 200 in 0.372 ms
2026-09-24 00:30:39.892 +05:30 [INF] Serilog.AspNetCore.RequestLoggingMiddleware HTTP GET /api/Catches/flagged responded 200 in 1.517 ms
2026-09-24 00:30:39.892 +05:30 [INF] Serilog.AspNetCore.RequestLoggingMiddleware HTTP GET /api/Weather/locations responded 200 in 0.120 ms
2026-09-24 00:30:39.893 +05:30 [INF] Serilog.AspNetCore.RequestLoggingMiddleware HTTP GET /api/Logistics/plans responded 200 in 2.790 ms
2026-09-24 00:30:39.897 +05:30 [INF] Serilog.AspNetCore.RequestLoggingMiddleware HTTP GET /api/Catches/flagged responded 200 in 3.818 ms
2026-09-24 00:30:39.898 +05:30 [INF] FishLink.API.Services.CatchService GetCatches: 27 results, page 1/1
2026-09-24 00:30:39.899 +05:30 [INF] Serilog.AspNetCore.RequestLoggingMiddleware HTTP GET /api/Logistics/plans responded 200 in 3.485 ms
2026-09-24 00:30:39.899 +05:30 [INF] Serilog.AspNetCore.RequestLoggingMiddleware HTTP GET /api/Catches responded 200 in 8.655 ms
2026-09-24 00:30:39.908 +05:30 [INF] FishLink.API.Services.CatchService GetCatches: 27 results, page 1/1
2026-09-24 00:30:39.910 +05:30 [INF] Serilog.AspNetCore.RequestLoggingMiddleware HTTP GET /api/Catches responded 200 in 9.684 ms
2026-09-24 00:30:39.941 +05:30 [INF] Serilog.AspNetCore.RequestLoggingMiddleware HTTP GET /api/Weather/locations responded 200 in 0.234 ms
2026-09-24 00:30:39.942 +05:30 [INF] Serilog.AspNetCore.RequestLoggingMiddleware HTTP GET /api/Weather/locations responded 200 in 0.255 ms
2026-09-24 00:32:27.159 +05:30 [INF] Serilog.AspNetCore.RequestLoggingMiddleware HTTP OPTIONS /api/BuyerMatch/available responded 204 in 0.035 ms
2026-09-24 00:32:27.159 +05:30 [INF] Serilog.AspNetCore.RequestLoggingMiddleware HTTP OPTIONS /api/BuyerMatch/preferences/me responded 204 in 0.016 ms
2026-09-24 00:32:27.159 +05:30 [INF] Serilog.AspNetCore.RequestLoggingMiddleware HTTP OPTIONS /api/BuyerMatch/recommend responded 204 in 0.020 ms
2026-09-24 00:32:27.183 +05:30 [INF] Serilog.AspNetCore.RequestLoggingMiddleware HTTP GET /api/BuyerMatch/preferences/me responded 404 in 16.791 ms
2026-09-24 00:32:27.193 +05:30 [INF] Serilog.AspNetCore.RequestLoggingMiddleware HTTP POST /api/BuyerMatch/recommend responded 200 in 25.293 ms
2026-09-24 00:32:27.196 +05:30 [INF] Serilog.AspNetCore.RequestLoggingMiddleware HTTP GET /api/BuyerMatch/available responded 200 in 34.041 ms
2026-09-24 00:32:27.215 +05:30 [INF] Serilog.AspNetCore.RequestLoggingMiddleware HTTP GET /api/BuyerMatch/preferences/me responded 404 in 25.644 ms
2026-09-24 00:32:27.216 +05:30 [INF] Serilog.AspNetCore.RequestLoggingMiddleware HTTP POST /api/BuyerMatch/recommend responded 200 in 55.467 ms
2026-09-24 00:32:27.217 +05:30 [INF] Serilog.AspNetCore.RequestLoggingMiddleware HTTP GET /api/BuyerMatch/available responded 200 in 23.541 ms
2026-09-24 00:37:27.791 +05:30 [INF] Serilog.AspNetCore.RequestLoggingMiddleware HTTP OPTIONS /api/Bids responded 204 in 0.043 ms
2026-09-24 00:37:28.254 +05:30 [INF] Serilog.AspNetCore.RequestLoggingMiddleware HTTP POST /api/Bids responded 201 in 461.580 ms
2026-09-24 00:37:39.927 +05:30 [INF] Serilog.AspNetCore.RequestLoggingMiddleware HTTP OPTIONS /api/BuyerMatch/preferences/me responded 204 in 0.033 ms
2026-09-24 00:37:39.929 +05:30 [INF] Serilog.AspNetCore.RequestLoggingMiddleware HTTP OPTIONS /api/BuyerMatch/recommend responded 204 in 0.013 ms
2026-09-24 00:37:39.929 +05:30 [INF] Serilog.AspNetCore.RequestLoggingMiddleware HTTP OPTIONS /api/BuyerMatch/available responded 204 in 0.032 ms
2026-09-24 00:37:39.929 +05:30 [INF] Serilog.AspNetCore.RequestLoggingMiddleware HTTP OPTIONS /api/BuyerMatch/preferences/me responded 204 in 0.011 ms
2026-09-24 00:37:39.929 +05:30 [INF] Serilog.AspNetCore.RequestLoggingMiddleware HTTP OPTIONS /api/Users/me responded 204 in 0.039 ms
2026-09-24 00:37:39.930 +05:30 [INF] Serilog.AspNetCore.RequestLoggingMiddleware HTTP OPTIONS /api/BuyerMatch/available responded 204 in 0.013 ms
2026-09-24 00:37:39.951 +05:30 [INF] Serilog.AspNetCore.RequestLoggingMiddleware HTTP POST /api/BuyerMatch/recommend responded 200 in 21.072 ms
2026-09-24 00:37:40.066 +05:30 [INF] Serilog.AspNetCore.RequestLoggingMiddleware HTTP GET /api/Users/me responded 200 in 127.239 ms
2026-09-24 00:37:40.070 +05:30 [INF] Serilog.AspNetCore.RequestLoggingMiddleware HTTP GET /api/BuyerMatch/available responded 200 in 132.268 ms
2026-09-24 00:37:40.075 +05:30 [INF] Serilog.AspNetCore.RequestLoggingMiddleware HTTP GET /api/Users/me responded 200 in 1.742 ms
2026-09-24 00:37:40.082 +05:30 [INF] Serilog.AspNetCore.RequestLoggingMiddleware HTTP POST /api/BuyerMatch/recommend responded 200 in 144.435 ms
2026-09-24 00:37:40.085 +05:30 [INF] Serilog.AspNetCore.RequestLoggingMiddleware HTTP GET /api/BuyerMatch/available responded 200 in 9.443 ms
2026-09-24 00:37:40.098 +05:30 [INF] Serilog.AspNetCore.RequestLoggingMiddleware HTTP GET /api/BuyerMatch/preferences/me responded 404 in 165.098 ms
2026-09-24 00:37:40.104 +05:30 [INF] Serilog.AspNetCore.RequestLoggingMiddleware HTTP GET /api/BuyerMatch/preferences/me responded 404 in 2.137 ms
2026-09-24 00:38:05.601 +05:30 [INF] Serilog.AspNetCore.RequestLoggingMiddleware HTTP OPTIONS /api/Weather/locations responded 204 in 0.064 ms
2026-09-24 00:38:05.602 +05:30 [INF] Serilog.AspNetCore.RequestLoggingMiddleware HTTP OPTIONS /api/Catches responded 204 in 0.005 ms
2026-09-24 00:38:05.601 +05:30 [INF] Serilog.AspNetCore.RequestLoggingMiddleware HTTP OPTIONS /api/Catches/flagged responded 204 in 0.015 ms
2026-09-24 00:38:05.602 +05:30 [INF] Serilog.AspNetCore.RequestLoggingMiddleware HTTP OPTIONS /api/Logistics/plans responded 204 in 0.006 ms
2026-09-24 00:38:05.602 +05:30 [INF] Serilog.AspNetCore.RequestLoggingMiddleware HTTP OPTIONS /api/Weather/locations responded 204 in 0.015 ms
2026-09-24 00:38:05.603 +05:30 [INF] Serilog.AspNetCore.RequestLoggingMiddleware HTTP OPTIONS /api/Catches/flagged responded 204 in 0.015 ms
2026-09-24 00:38:05.608 +05:30 [INF] Serilog.AspNetCore.RequestLoggingMiddleware HTTP GET /api/Weather/locations responded 200 in 0.502 ms
2026-09-24 00:38:05.610 +05:30 [INF] Serilog.AspNetCore.RequestLoggingMiddleware HTTP GET /api/Weather/locations responded 200 in 0.241 ms
2026-09-24 00:38:05.611 +05:30 [INF] Serilog.AspNetCore.RequestLoggingMiddleware HTTP GET /api/Logistics/plans responded 200 in 4.049 ms
2026-09-24 00:38:05.611 +05:30 [INF] Serilog.AspNetCore.RequestLoggingMiddleware HTTP GET /api/Catches/flagged responded 200 in 4.568 ms
2026-09-24 00:38:05.616 +05:30 [INF] Serilog.AspNetCore.RequestLoggingMiddleware HTTP GET /api/Catches/flagged responded 200 in 1.572 ms
2026-09-24 00:38:05.616 +05:30 [INF] Serilog.AspNetCore.RequestLoggingMiddleware HTTP GET /api/Logistics/plans responded 200 in 2.743 ms
2026-09-24 00:38:05.618 +05:30 [INF] FishLink.API.Services.CatchService GetCatches: 27 results, page 1/1
2026-09-24 00:38:05.627 +05:30 [INF] Serilog.AspNetCore.RequestLoggingMiddleware HTTP GET /api/Catches responded 200 in 21.859 ms
2026-09-24 00:38:05.630 +05:30 [INF] FishLink.API.Services.CatchService GetCatches: 27 results, page 1/1
2026-09-24 00:38:05.632 +05:30 [INF] Serilog.AspNetCore.RequestLoggingMiddleware HTTP GET /api/Catches responded 200 in 12.374 ms
2026-09-24 00:38:05.645 +05:30 [INF] Serilog.AspNetCore.RequestLoggingMiddleware HTTP GET /api/Weather/locations responded 200 in 0.325 ms
2026-09-24 00:38:05.646 +05:30 [INF] Serilog.AspNetCore.RequestLoggingMiddleware HTTP GET /api/Weather/locations responded 200 in 0.162 ms
2026-09-24 00:48:50.370 +05:30 [INF] Serilog.AspNetCore.RequestLoggingMiddleware HTTP OPTIONS /api/BuyerMatch/preferences/me responded 204 in 0.178 ms
2026-09-24 00:48:50.370 +05:30 [INF] Serilog.AspNetCore.RequestLoggingMiddleware HTTP OPTIONS /api/BuyerMatch/recommend responded 204 in 0.133 ms
2026-09-24 00:48:50.370 +05:30 [INF] Serilog.AspNetCore.RequestLoggingMiddleware HTTP OPTIONS /api/BuyerMatch/available responded 204 in 0.035 ms
2026-09-24 00:48:50.371 +05:30 [INF] Serilog.AspNetCore.RequestLoggingMiddleware HTTP OPTIONS /api/Users/me responded 204 in 0.028 ms
2026-09-24 00:48:50.412 +05:30 [INF] Serilog.AspNetCore.RequestLoggingMiddleware HTTP GET /api/BuyerMatch/preferences/me responded 404 in 37.836 ms
2026-09-24 00:48:50.414 +05:30 [INF] Serilog.AspNetCore.RequestLoggingMiddleware HTTP GET /api/BuyerMatch/preferences/me responded 404 in 0.842 ms
2026-09-24 00:48:50.415 +05:30 [INF] Serilog.AspNetCore.RequestLoggingMiddleware HTTP GET /api/Users/me responded 200 in 40.727 ms
2026-09-24 00:48:50.418 +05:30 [INF] Serilog.AspNetCore.RequestLoggingMiddleware HTTP GET /api/Users/me responded 200 in 2.443 ms
2026-09-24 00:48:50.426 +05:30 [INF] Serilog.AspNetCore.RequestLoggingMiddleware HTTP GET /api/BuyerMatch/available responded 200 in 51.691 ms
2026-09-24 00:48:50.430 +05:30 [INF] Serilog.AspNetCore.RequestLoggingMiddleware HTTP POST /api/BuyerMatch/recommend responded 200 in 56.507 ms
2026-09-24 00:48:50.430 +05:30 [INF] Serilog.AspNetCore.RequestLoggingMiddleware HTTP POST /api/BuyerMatch/recommend responded 200 in 54.380 ms
2026-09-24 00:48:50.431 +05:30 [INF] Serilog.AspNetCore.RequestLoggingMiddleware HTTP GET /api/BuyerMatch/available responded 200 in 4.104 ms
2026-09-24 00:53:53.285 +05:30 [INF] Serilog.AspNetCore.RequestLoggingMiddleware HTTP OPTIONS /api/BuyerMatch/preferences/me responded 204 in 0.043 ms
2026-09-24 00:53:53.287 +05:30 [INF] Serilog.AspNetCore.RequestLoggingMiddleware HTTP OPTIONS /api/BuyerMatch/recommend responded 204 in 0.141 ms
2026-09-24 00:53:53.287 +05:30 [INF] Serilog.AspNetCore.RequestLoggingMiddleware HTTP OPTIONS /api/BuyerMatch/available responded 204 in 0.156 ms
2026-09-24 00:53:53.288 +05:30 [INF] Serilog.AspNetCore.RequestLoggingMiddleware HTTP OPTIONS /api/BuyerMatch/available responded 204 in 0.011 ms
2026-09-24 00:53:53.287 +05:30 [INF] Serilog.AspNetCore.RequestLoggingMiddleware HTTP OPTIONS /api/Users/me responded 204 in 0.069 ms
2026-09-24 00:53:53.288 +05:30 [INF] Serilog.AspNetCore.RequestLoggingMiddleware HTTP OPTIONS /api/BuyerMatch/recommend responded 204 in 0.017 ms
2026-09-24 00:53:53.289 +05:30 [INF] Serilog.AspNetCore.RequestLoggingMiddleware HTTP OPTIONS /api/Users/me responded 204 in 0.008 ms
2026-09-24 00:53:53.322 +05:30 [INF] Serilog.AspNetCore.RequestLoggingMiddleware HTTP GET /api/BuyerMatch/preferences/me responded 404 in 33.801 ms
2026-09-24 00:53:53.324 +05:30 [INF] Serilog.AspNetCore.RequestLoggingMiddleware HTTP GET /api/BuyerMatch/preferences/me responded 404 in 1.005 ms
2026-09-24 00:53:53.332 +05:30 [INF] Serilog.AspNetCore.RequestLoggingMiddleware HTTP GET /api/BuyerMatch/available responded 200 in 42.359 ms
2026-09-24 00:53:53.334 +05:30 [INF] Serilog.AspNetCore.RequestLoggingMiddleware HTTP GET /api/Users/me responded 200 in 43.712 ms
2026-09-24 00:53:53.336 +05:30 [INF] Serilog.AspNetCore.RequestLoggingMiddleware HTTP GET /api/Users/me responded 200 in 1.449 ms
2026-09-24 00:53:53.336 +05:30 [INF] Serilog.AspNetCore.RequestLoggingMiddleware HTTP GET /api/BuyerMatch/available responded 200 in 3.016 ms
2026-09-24 00:53:53.338 +05:30 [INF] Serilog.AspNetCore.RequestLoggingMiddleware HTTP POST /api/BuyerMatch/recommend responded 200 in 50.152 ms
2026-09-24 00:53:53.339 +05:30 [INF] Serilog.AspNetCore.RequestLoggingMiddleware HTTP POST /api/BuyerMatch/recommend responded 200 in 49.443 ms
2026-09-24 00:54:36.806 +05:30 [INF] Serilog.AspNetCore.RequestLoggingMiddleware HTTP OPTIONS /api/Weather/locations responded 204 in 0.021 ms
2026-09-24 00:54:36.808 +05:30 [INF] Serilog.AspNetCore.RequestLoggingMiddleware HTTP OPTIONS /api/Catches/flagged responded 204 in 0.055 ms
2026-09-24 00:54:36.808 +05:30 [INF] Serilog.AspNetCore.RequestLoggingMiddleware HTTP OPTIONS /api/Catches responded 204 in 0.029 ms
2026-09-24 00:54:36.808 +05:30 [INF] Serilog.AspNetCore.RequestLoggingMiddleware HTTP OPTIONS /api/Catches/flagged responded 204 in 0.034 ms
2026-09-24 00:54:36.808 +05:30 [INF] Serilog.AspNetCore.RequestLoggingMiddleware HTTP OPTIONS /api/Logistics/plans responded 204 in 0.024 ms
2026-09-24 00:54:36.809 +05:30 [INF] Serilog.AspNetCore.RequestLoggingMiddleware HTTP OPTIONS /api/Catches responded 204 in 0.093 ms
2026-09-24 00:54:36.810 +05:30 [INF] FishLink.API.Services.WeatherService OpenWeatherMap API key not configured — using simulated weather for Negombo
2026-09-24 00:54:36.810 +05:30 [INF] FishLink.API.Services.WeatherService OpenWeatherMap API key not configured — using simulated weather for Colombo
2026-09-24 00:54:36.810 +05:30 [INF] FishLink.API.Services.WeatherService OpenWeatherMap API key not configured — using simulated weather for Galle
2026-09-24 00:54:36.810 +05:30 [INF] FishLink.API.Services.WeatherService OpenWeatherMap API key not configured — using simulated weather for Jaffna
2026-09-24 00:54:36.811 +05:30 [INF] FishLink.API.Services.WeatherService OpenWeatherMap API key not configured — using simulated weather for Matara
2026-09-24 00:54:36.811 +05:30 [INF] Serilog.AspNetCore.RequestLoggingMiddleware HTTP GET /api/Weather/locations responded 200 in 1.882 ms
2026-09-24 00:54:36.814 +05:30 [INF] Serilog.AspNetCore.RequestLoggingMiddleware HTTP OPTIONS /api/Logistics/plans responded 204 in 0.016 ms
2026-09-24 00:54:36.816 +05:30 [INF] Serilog.AspNetCore.RequestLoggingMiddleware HTTP GET /api/Weather/locations responded 200 in 0.147 ms
2026-09-24 00:54:36.818 +05:30 [INF] Serilog.AspNetCore.RequestLoggingMiddleware HTTP GET /api/Catches/flagged responded 200 in 3.540 ms
2026-09-24 00:54:36.821 +05:30 [INF] Serilog.AspNetCore.RequestLoggingMiddleware HTTP GET /api/Logistics/plans responded 200 in 5.385 ms
2026-09-24 00:54:36.824 +05:30 [INF] Serilog.AspNetCore.RequestLoggingMiddleware HTTP GET /api/Catches/flagged responded 200 in 2.837 ms
2026-09-24 00:54:36.824 +05:30 [INF] Serilog.AspNetCore.RequestLoggingMiddleware HTTP GET /api/Logistics/plans responded 200 in 2.105 ms
2026-09-24 00:54:36.826 +05:30 [INF] FishLink.API.Services.CatchService GetCatches: 27 results, page 1/1
2026-09-24 00:54:36.828 +05:30 [INF] Serilog.AspNetCore.RequestLoggingMiddleware HTTP GET /api/Catches responded 200 in 12.949 ms
2026-09-24 00:54:36.838 +05:30 [INF] FishLink.API.Services.CatchService GetCatches: 27 results, page 1/1
2026-09-24 00:54:36.842 +05:30 [INF] Serilog.AspNetCore.RequestLoggingMiddleware HTTP GET /api/Catches responded 200 in 14.093 ms
2026-09-24 00:54:36.895 +05:30 [INF] Serilog.AspNetCore.RequestLoggingMiddleware HTTP GET /api/Weather/locations responded 200 in 0.242 ms
2026-09-24 00:54:36.896 +05:30 [INF] Serilog.AspNetCore.RequestLoggingMiddleware HTTP GET /api/Weather/locations responded 200 in 0.152 ms
2026-09-24 00:54:44.147 +05:30 [INF] Serilog.AspNetCore.RequestLoggingMiddleware HTTP GET /api/Logistics/drivers responded 200 in 76.929 ms
2026-09-24 00:54:44.149 +05:30 [INF] Serilog.AspNetCore.RequestLoggingMiddleware HTTP GET /api/Logistics/storage responded 200 in 78.521 ms
2026-09-24 00:54:44.150 +05:30 [INF] Serilog.AspNetCore.RequestLoggingMiddleware HTTP GET /api/Logistics/vehicles responded 200 in 96.163 ms
2026-09-24 00:55:02.925 +05:30 [INF] Serilog.AspNetCore.RequestLoggingMiddleware HTTP OPTIONS /api/Logistics/plans/2/complete responded 204 in 0.103 ms
2026-09-24 00:55:03.139 +05:30 [INF] Serilog.AspNetCore.RequestLoggingMiddleware HTTP PATCH /api/Logistics/plans/2/complete responded 200 in 208.729 ms
2026-09-24 00:55:03.150 +05:30 [INF] Serilog.AspNetCore.RequestLoggingMiddleware HTTP OPTIONS /api/Logistics/plans responded 204 in 0.136 ms
2026-09-24 00:55:03.165 +05:30 [INF] Serilog.AspNetCore.RequestLoggingMiddleware HTTP GET /api/Logistics/plans responded 200 in 7.403 ms
2026-09-24 00:55:18.408 +05:30 [INF] Serilog.AspNetCore.RequestLoggingMiddleware HTTP OPTIONS /api/Weather/locations responded 204 in 0.022 ms
2026-09-24 00:55:18.408 +05:30 [INF] Serilog.AspNetCore.RequestLoggingMiddleware HTTP OPTIONS /api/Weather/locations responded 204 in 0.012 ms
2026-09-24 00:55:18.410 +05:30 [INF] Serilog.AspNetCore.RequestLoggingMiddleware HTTP GET /api/Weather/locations responded 200 in 0.230 ms
2026-09-24 00:55:18.411 +05:30 [INF] Serilog.AspNetCore.RequestLoggingMiddleware HTTP GET /api/Weather/locations responded 200 in 0.137 ms
2026-09-24 12:46:49.424 +05:30 [INF]  FishLink API starting on Development
2026-09-24 12:46:49.545 +05:30 [INF] Microsoft.Hosting.Lifetime Now listening on: http://localhost:5157
2026-09-24 12:46:49.547 +05:30 [INF] Microsoft.Hosting.Lifetime Application started. Press Ctrl+C to shut down.
2026-09-24 12:46:49.547 +05:30 [INF] Microsoft.Hosting.Lifetime Hosting environment: Development
2026-09-24 12:46:49.547 +05:30 [INF] Microsoft.Hosting.Lifetime Content root path: C:\Users\Kaveesha\Desktop\fish\FishLink.API
2026-09-24 12:49:42.553 +05:30 [INF] Serilog.AspNetCore.RequestLoggingMiddleware HTTP GET / responded 200 in 68.307 ms
2026-09-24 12:53:52.568 +05:30 [INF] Serilog.AspNetCore.RequestLoggingMiddleware HTTP GET /health responded 200 in 327.796 ms
2026-09-24 12:56:20.041 +05:30 [INF] Serilog.AspNetCore.RequestLoggingMiddleware HTTP OPTIONS /api/Auth/register responded 204 in 2.620 ms
2026-09-24 12:56:21.598 +05:30 [INF] Serilog.AspNetCore.RequestLoggingMiddleware HTTP POST /api/Auth/register responded 200 in 1548.076 ms
2026-09-24 13:46:21.314 +05:30 [INF]  FishLink API starting on Development
2026-09-24 13:46:21.473 +05:30 [INF] Microsoft.Hosting.Lifetime Now listening on: http://localhost:5157
2026-09-24 13:46:21.474 +05:30 [INF] Microsoft.Hosting.Lifetime Application started. Press Ctrl+C to shut down.
2026-09-24 13:46:21.474 +05:30 [INF] Microsoft.Hosting.Lifetime Hosting environment: Development
2026-09-24 13:46:21.475 +05:30 [INF] Microsoft.Hosting.Lifetime Content root path: C:\Users\Kaveesha\Desktop\fish\FishLink.API
2026-09-24 13:53:11.114 +05:30 [INF] Serilog.AspNetCore.RequestLoggingMiddleware HTTP OPTIONS /api/Auth/register responded 204 in 18.653 ms
2026-09-24 13:53:13.238 +05:30 [INF] Serilog.AspNetCore.RequestLoggingMiddleware HTTP POST /api/Auth/register responded 200 in 2108.489 ms
2026-09-24 13:53:23.221 +05:30 [INF] Serilog.AspNetCore.RequestLoggingMiddleware HTTP OPTIONS /api/Catches responded 204 in 0.747 ms
2026-09-24 13:53:23.524 +05:30 [INF] FishLink.API.Services.CatchService GetCatches: 27 results, page 1/1
2026-09-24 13:53:23.578 +05:30 [INF] Serilog.AspNetCore.RequestLoggingMiddleware HTTP GET /api/Catches responded 200 in 355.696 ms
2026-09-24 13:56:20.743 +05:30 [INF] Serilog.AspNetCore.RequestLoggingMiddleware HTTP OPTIONS /api/Auth/register responded 204 in 0.174 ms
2026-09-24 13:56:21.182 +05:30 [INF] Serilog.AspNetCore.RequestLoggingMiddleware HTTP POST /api/Auth/register responded 200 in 438.094 ms
2026-09-24 14:10:13.160 +05:30 [INF] Serilog.AspNetCore.RequestLoggingMiddleware HTTP OPTIONS /api/Auth/register responded 204 in 0.167 ms
2026-09-24 14:10:13.360 +05:30 [INF] Serilog.AspNetCore.RequestLoggingMiddleware HTTP POST /api/Auth/register responded 200 in 198.549 ms
2026-09-24 14:15:40.870 +05:30 [INF] Serilog.AspNetCore.RequestLoggingMiddleware HTTP OPTIONS /api/Catches responded 204 in 0.090 ms
2026-09-24 14:15:40.941 +05:30 [INF] FishLink.API.Services.CatchService GetCatches: 27 results, page 1/1
2026-09-24 14:15:40.946 +05:30 [INF] Serilog.AspNetCore.RequestLoggingMiddleware HTTP GET /api/Catches responded 200 in 74.377 ms
2026-09-24 14:38:17.412 +05:30 [INF] Serilog.AspNetCore.RequestLoggingMiddleware HTTP OPTIONS /api/Auth/login responded 204 in 0.238 ms
2026-09-24 14:38:17.800 +05:30 [INF] Serilog.AspNetCore.RequestLoggingMiddleware HTTP POST /api/Auth/login responded 401 in 385.798 ms
2026-09-24 14:41:20.359 +05:30 [INF] Serilog.AspNetCore.RequestLoggingMiddleware HTTP OPTIONS /api/Auth/login responded 204 in 0.187 ms
2026-09-24 14:41:20.570 +05:30 [INF] Serilog.AspNetCore.RequestLoggingMiddleware HTTP POST /api/Auth/login responded 401 in 208.902 ms
2026-09-24 14:46:14.287 +05:30 [INF] Serilog.AspNetCore.RequestLoggingMiddleware HTTP OPTIONS /api/Auth/login responded 204 in 0.264 ms
2026-09-24 14:46:14.537 +05:30 [INF] Serilog.AspNetCore.RequestLoggingMiddleware HTTP POST /api/Auth/login responded 401 in 247.045 ms
2026-09-24 14:46:34.899 +05:30 [INF] Serilog.AspNetCore.RequestLoggingMiddleware HTTP OPTIONS /api/Catches responded 204 in 0.115 ms
2026-09-24 14:46:34.933 +05:30 [INF] FishLink.API.Services.CatchService GetCatches: 27 results, page 1/1
2026-09-24 14:46:34.939 +05:30 [INF] Serilog.AspNetCore.RequestLoggingMiddleware HTTP GET /api/Catches responded 200 in 38.038 ms
2026-09-24 14:46:43.252 +05:30 [INF] Serilog.AspNetCore.RequestLoggingMiddleware HTTP OPTIONS /api/Bids/catch/28 responded 204 in 0.321 ms
2026-09-24 14:46:43.301 +05:30 [INF] Serilog.AspNetCore.RequestLoggingMiddleware HTTP GET /api/Bids/catch/28 responded 200 in 38.608 ms
2026-09-24 14:50:28.452 +05:30 [INF] Serilog.AspNetCore.RequestLoggingMiddleware HTTP OPTIONS /api/Orders responded 204 in 0.117 ms
2026-09-24 14:50:28.454 +05:30 [INF] Serilog.AspNetCore.RequestLoggingMiddleware HTTP GET /api/Orders responded 404 in 0.706 ms
2026-09-24 14:53:18.504 +05:30 [INF] Serilog.AspNetCore.RequestLoggingMiddleware HTTP OPTIONS /api/Catches responded 204 in 0.085 ms
2026-09-24 14:53:18.555 +05:30 [INF] FishLink.API.Services.CatchService GetCatches: 27 results, page 1/1
2026-09-24 14:53:18.558 +05:30 [INF] Serilog.AspNetCore.RequestLoggingMiddleware HTTP GET /api/Catches responded 200 in 52.452 ms
2026-09-24 14:53:55.481 +05:30 [INF] Serilog.AspNetCore.RequestLoggingMiddleware HTTP OPTIONS /api/Auth/register responded 204 in 0.146 ms
2026-09-24 14:53:55.628 +05:30 [INF] Serilog.AspNetCore.RequestLoggingMiddleware HTTP POST /api/Auth/register responded 200 in 146.139 ms
2026-09-24 15:16:23.946 +05:30 [INF] Serilog.AspNetCore.RequestLoggingMiddleware HTTP OPTIONS /api/Auth/login responded 204 in 0.796 ms
2026-09-24 15:16:24.050 +05:30 [INF] Serilog.AspNetCore.RequestLoggingMiddleware HTTP POST /api/Auth/login responded 401 in 100.749 ms
2026-09-24 16:23:25.883 +05:30 [INF] Serilog.AspNetCore.RequestLoggingMiddleware HTTP OPTIONS /api/Auth/login responded 204 in 1.043 ms
2026-09-24 16:23:26.141 +05:30 [INF] Serilog.AspNetCore.RequestLoggingMiddleware HTTP POST /api/Auth/login responded 401 in 254.931 ms
2026-09-24 17:13:59.799 +05:30 [INF] Serilog.AspNetCore.RequestLoggingMiddleware HTTP OPTIONS /api/Auth/register responded 204 in 1.268 ms
2026-09-24 17:14:00.112 +05:30 [INF] Serilog.AspNetCore.RequestLoggingMiddleware HTTP POST /api/Auth/register responded 200 in 309.605 ms
2026-09-24 17:27:06.397 +05:30 [INF] Serilog.AspNetCore.RequestLoggingMiddleware HTTP OPTIONS /api/Bids responded 204 in 0.157 ms
2026-09-24 17:27:06.556 +05:30 [INF] Serilog.AspNetCore.RequestLoggingMiddleware HTTP POST /api/Bids responded 404 in 155.800 ms
2026-09-24 19:42:06.337 +05:30 [INF] Serilog.AspNetCore.RequestLoggingMiddleware HTTP OPTIONS /api/Bids responded 204 in 0.072 ms
2026-09-24 19:42:06.427 +05:30 [INF] Serilog.AspNetCore.RequestLoggingMiddleware HTTP POST /api/Bids responded 404 in 89.100 ms
2026-09-24 19:47:26.407 +05:30 [INF] Serilog.AspNetCore.RequestLoggingMiddleware HTTP OPTIONS /api/Auth/register responded 204 in 0.103 ms
2026-09-24 19:47:26.787 +05:30 [INF] Serilog.AspNetCore.RequestLoggingMiddleware HTTP POST /api/Auth/register responded 200 in 378.431 ms
2026-09-24 20:03:35.516 +05:30 [INF]  FishLink API starting on Development
2026-09-24 20:03:35.631 +05:30 [INF] Microsoft.Hosting.Lifetime Now listening on: http://localhost:5157
2026-09-24 20:03:35.633 +05:30 [INF] Microsoft.Hosting.Lifetime Application started. Press Ctrl+C to shut down.
2026-09-24 20:03:35.633 +05:30 [INF] Microsoft.Hosting.Lifetime Hosting environment: Development
2026-09-24 20:03:35.633 +05:30 [INF] Microsoft.Hosting.Lifetime Content root path: C:\Users\Kaveesha\Desktop\fish\FishLink.API
2026-09-24 20:46:50.381 +05:30 [INF] Serilog.AspNetCore.RequestLoggingMiddleware HTTP OPTIONS /api/Logistics/plans responded 204 in 21.701 ms
2026-09-24 20:46:51.802 +05:30 [INF] Serilog.AspNetCore.RequestLoggingMiddleware HTTP GET /api/Logistics/plans responded 200 in 1401.819 ms
2026-09-24 20:46:51.818 +05:30 [INF] Serilog.AspNetCore.RequestLoggingMiddleware HTTP OPTIONS /api/Catches responded 204 in 2.008 ms
2026-09-24 20:46:52.078 +05:30 [INF] FishLink.API.Services.CatchService GetCatches: 27 results, page 1/1
2026-09-24 20:46:52.098 +05:30 [INF] Serilog.AspNetCore.RequestLoggingMiddleware HTTP GET /api/Catches responded 200 in 277.169 ms
2026-09-24 20:48:57.835 +05:30 [INF] Serilog.AspNetCore.RequestLoggingMiddleware HTTP OPTIONS /api/Logistics/plans/1/approve responded 204 in 0.759 ms
2026-09-24 20:48:58.128 +05:30 [INF] Serilog.AspNetCore.RequestLoggingMiddleware HTTP PATCH /api/Logistics/plans/1/approve responded 200 in 284.107 ms
2026-09-24 20:49:23.987 +05:30 [INF] Serilog.AspNetCore.RequestLoggingMiddleware HTTP OPTIONS /api/Logistics/plans/1/dispatch responded 204 in 0.089 ms
2026-09-24 20:49:24.016 +05:30 [INF] Serilog.AspNetCore.RequestLoggingMiddleware HTTP PATCH /api/Logistics/plans/1/dispatch responded 200 in 27.863 ms
2026-09-24 21:04:08.750 +05:30 [INF] Serilog.AspNetCore.RequestLoggingMiddleware HTTP OPTIONS /api/Logistics/plans responded 204 in 0.099 ms
2026-09-24 21:04:08.830 +05:30 [INF] Serilog.AspNetCore.RequestLoggingMiddleware HTTP GET /api/Logistics/plans responded 200 in 78.691 ms
2026-09-24 21:04:08.890 +05:30 [INF] Serilog.AspNetCore.RequestLoggingMiddleware HTTP OPTIONS /api/Catches responded 204 in 0.050 ms
2026-09-24 21:04:08.914 +05:30 [INF] FishLink.API.Services.CatchService GetCatches: 27 results, page 1/1
2026-09-24 21:04:08.938 +05:30 [INF] Serilog.AspNetCore.RequestLoggingMiddleware HTTP GET /api/Catches responded 200 in 45.958 ms
