2026-09-26 06:49:24.535 +05:30 [INF] Serilog.AspNetCore.RequestLoggingMiddleware HTTP OPTIONS /api/Weather/locations responded 204 in 0.094 ms
2026-09-26 06:49:24.536 +05:30 [INF] Serilog.AspNetCore.RequestLoggingMiddleware HTTP OPTIONS /api/Weather/locations responded 204 in 0.099 ms
2026-09-26 06:49:24.632 +05:30 [INF] Serilog.AspNetCore.RequestLoggingMiddleware HTTP GET /api/Weather/locations responded 401 in 62.199 ms
2026-09-26 06:49:24.647 +05:30 [INF] Serilog.AspNetCore.RequestLoggingMiddleware HTTP GET /api/Weather/locations responded 401 in 2.481 ms
2026-09-26 06:49:26.890 +05:30 [INF] Serilog.AspNetCore.RequestLoggingMiddleware HTTP OPTIONS /api/Catches responded 204 in 0.075 ms
2026-09-26 06:49:26.890 +05:30 [INF] Serilog.AspNetCore.RequestLoggingMiddleware HTTP OPTIONS /api/Catches responded 204 in 0.061 ms
2026-09-26 06:49:26.950 +05:30 [INF] Serilog.AspNetCore.RequestLoggingMiddleware HTTP GET /api/Catches responded 401 in 1.320 ms
2026-09-26 06:49:26.983 +05:30 [INF] Serilog.AspNetCore.RequestLoggingMiddleware HTTP GET /api/Catches responded 401 in 0.676 ms
2026-09-26 06:49:28.521 +05:30 [INF] Serilog.AspNetCore.RequestLoggingMiddleware HTTP OPTIONS /api/AgentGateway/prices/Tuna (Yellowfin)/predict responded 204 in 0.070 ms
2026-09-26 06:49:28.533 +05:30 [INF] Serilog.AspNetCore.RequestLoggingMiddleware HTTP OPTIONS /api/AgentGateway/prices/Skipjack/predict responded 204 in 0.075 ms
2026-09-26 06:49:28.535 +05:30 [INF] Serilog.AspNetCore.RequestLoggingMiddleware HTTP OPTIONS /api/AgentGateway/prices/Trevally (Paraw)/predict responded 204 in 0.074 ms
2026-09-26 06:49:28.537 +05:30 [INF] Serilog.AspNetCore.RequestLoggingMiddleware HTTP OPTIONS /api/AgentGateway/prices/Mackerel/predict responded 204 in 0.104 ms
2026-09-26 06:49:28.582 +05:30 [INF] Serilog.AspNetCore.RequestLoggingMiddleware HTTP OPTIONS /api/Catches/market-stats responded 204 in 0.141 ms
2026-09-26 06:49:28.595 +05:30 [INF] Serilog.AspNetCore.RequestLoggingMiddleware HTTP OPTIONS /api/AgentGateway/prices/Skipjack/predict responded 204 in 2.926 ms
2026-09-26 06:49:28.605 +05:30 [INF] Serilog.AspNetCore.RequestLoggingMiddleware HTTP OPTIONS /api/AgentGateway/prices/Tuna (Yellowfin)/predict responded 204 in 0.068 ms
2026-09-26 06:49:28.623 +05:30 [INF] Serilog.AspNetCore.RequestLoggingMiddleware HTTP OPTIONS /api/AgentGateway/prices/Trevally (Paraw)/predict responded 204 in 0.076 ms
2026-09-26 06:49:28.636 +05:30 [INF] Serilog.AspNetCore.RequestLoggingMiddleware HTTP OPTIONS /api/AgentGateway/prices/Mackerel/predict responded 204 in 0.080 ms
2026-09-26 06:49:28.641 +05:30 [INF] Serilog.AspNetCore.RequestLoggingMiddleware HTTP OPTIONS /api/Catches/market-stats responded 204 in 0.069 ms
2026-09-26 06:49:28.652 +05:30 [INF] Serilog.AspNetCore.RequestLoggingMiddleware HTTP GET /api/AgentGateway/prices/Tuna (Yellowfin)/predict responded 401 in 0.644 ms
2026-09-26 06:49:28.654 +05:30 [INF] Serilog.AspNetCore.RequestLoggingMiddleware HTTP GET /api/AgentGateway/prices/Skipjack/predict responded 401 in 0.755 ms
2026-09-26 06:49:28.670 +05:30 [INF] Serilog.AspNetCore.RequestLoggingMiddleware HTTP GET /api/AgentGateway/prices/Trevally (Paraw)/predict responded 401 in 0.587 ms
2026-09-26 06:49:28.678 +05:30 [INF] Serilog.AspNetCore.RequestLoggingMiddleware HTTP GET /api/AgentGateway/prices/Mackerel/predict responded 401 in 1.121 ms
2026-09-26 06:49:28.832 +05:30 [INF] Serilog.AspNetCore.RequestLoggingMiddleware HTTP GET /api/AgentGateway/prices/Tuna (Yellowfin)/predict responded 401 in 1.502 ms
2026-09-26 06:49:28.899 +05:30 [INF] Serilog.AspNetCore.RequestLoggingMiddleware HTTP GET /api/AgentGateway/prices/Skipjack/predict responded 401 in 1.290 ms
2026-09-26 06:49:29.002 +05:30 [INF] Serilog.AspNetCore.RequestLoggingMiddleware HTTP GET /api/AgentGateway/prices/Trevally (Paraw)/predict responded 401 in 0.461 ms
2026-09-26 06:49:29.014 +05:30 [INF] Serilog.AspNetCore.RequestLoggingMiddleware HTTP GET /api/AgentGateway/prices/Mackerel/predict responded 401 in 0.669 ms
2026-09-26 06:49:29.163 +05:30 [INF] Serilog.AspNetCore.RequestLoggingMiddleware HTTP GET /api/Catches/market-stats responded 200 in 466.573 ms
2026-09-26 06:49:29.247 +05:30 [INF] Serilog.AspNetCore.RequestLoggingMiddleware HTTP GET /api/Catches/market-stats responded 200 in 29.392 ms
2026-09-26 06:49:55.999 +05:30 [INF] Serilog.AspNetCore.RequestLoggingMiddleware HTTP OPTIONS /api/Catches responded 204 in 0.060 ms
2026-09-26 06:49:56.001 +05:30 [INF] Serilog.AspNetCore.RequestLoggingMiddleware HTTP OPTIONS /api/Catches responded 204 in 0.247 ms
2026-09-26 06:49:56.017 +05:30 [INF] Serilog.AspNetCore.RequestLoggingMiddleware HTTP GET /api/Catches responded 401 in 0.795 ms
2026-09-26 06:49:56.030 +05:30 [INF] Serilog.AspNetCore.RequestLoggingMiddleware HTTP GET /api/Catches responded 401 in 0.952 ms
2026-09-26 06:49:58.250 +05:30 [INF] Serilog.AspNetCore.RequestLoggingMiddleware HTTP OPTIONS /api/AgentGateway/prices/Tuna (Yellowfin)/predict responded 204 in 0.073 ms
2026-09-26 06:49:58.250 +05:30 [INF] Serilog.AspNetCore.RequestLoggingMiddleware HTTP OPTIONS /api/AgentGateway/prices/Skipjack/predict responded 204 in 0.054 ms
2026-09-26 06:49:58.251 +05:30 [INF] Serilog.AspNetCore.RequestLoggingMiddleware HTTP OPTIONS /api/AgentGateway/prices/Trevally (Paraw)/predict responded 204 in 0.193 ms
2026-09-26 06:49:58.252 +05:30 [INF] Serilog.AspNetCore.RequestLoggingMiddleware HTTP OPTIONS /api/AgentGateway/prices/Mackerel/predict responded 204 in 0.192 ms
2026-09-26 06:49:58.265 +05:30 [INF] Serilog.AspNetCore.RequestLoggingMiddleware HTTP OPTIONS /api/Catches/market-stats responded 204 in 0.067 ms
2026-09-26 06:49:58.271 +05:30 [INF] Serilog.AspNetCore.RequestLoggingMiddleware HTTP OPTIONS /api/AgentGateway/prices/Tuna (Yellowfin)/predict responded 204 in 0.156 ms
2026-09-26 06:49:58.285 +05:30 [INF] Serilog.AspNetCore.RequestLoggingMiddleware HTTP OPTIONS /api/AgentGateway/prices/Skipjack/predict responded 204 in 0.070 ms
2026-09-26 06:49:58.287 +05:30 [INF] Serilog.AspNetCore.RequestLoggingMiddleware HTTP OPTIONS /api/AgentGateway/prices/Trevally (Paraw)/predict responded 204 in 0.063 ms
2026-09-26 06:49:58.292 +05:30 [INF] Serilog.AspNetCore.RequestLoggingMiddleware HTTP OPTIONS /api/AgentGateway/prices/Mackerel/predict responded 204 in 0.208 ms
2026-09-26 06:49:58.303 +05:30 [INF] Serilog.AspNetCore.RequestLoggingMiddleware HTTP OPTIONS /api/Catches/market-stats responded 204 in 0.076 ms
2026-09-26 06:49:58.305 +05:30 [INF] Serilog.AspNetCore.RequestLoggingMiddleware HTTP GET /api/AgentGateway/prices/Tuna (Yellowfin)/predict responded 401 in 0.570 ms
2026-09-26 06:49:58.319 +05:30 [INF] Serilog.AspNetCore.RequestLoggingMiddleware HTTP GET /api/AgentGateway/prices/Skipjack/predict responded 401 in 0.844 ms
2026-09-26 06:49:58.330 +05:30 [INF] Serilog.AspNetCore.RequestLoggingMiddleware HTTP GET /api/AgentGateway/prices/Trevally (Paraw)/predict responded 401 in 0.708 ms
2026-09-26 06:49:58.335 +05:30 [INF] Serilog.AspNetCore.RequestLoggingMiddleware HTTP GET /api/AgentGateway/prices/Mackerel/predict responded 401 in 0.571 ms
2026-09-26 06:49:58.352 +05:30 [INF] Serilog.AspNetCore.RequestLoggingMiddleware HTTP GET /api/AgentGateway/prices/Tuna (Yellowfin)/predict responded 401 in 0.615 ms
2026-09-26 06:49:58.354 +05:30 [INF] Serilog.AspNetCore.RequestLoggingMiddleware HTTP GET /api/Catches/market-stats responded 200 in 15.322 ms
2026-09-26 06:49:58.370 +05:30 [INF] Serilog.AspNetCore.RequestLoggingMiddleware HTTP GET /api/AgentGateway/prices/Skipjack/predict responded 401 in 0.933 ms
2026-09-26 06:49:58.378 +05:30 [INF] Serilog.AspNetCore.RequestLoggingMiddleware HTTP GET /api/AgentGateway/prices/Trevally (Paraw)/predict responded 401 in 0.909 ms
2026-09-26 06:49:58.401 +05:30 [INF] Serilog.AspNetCore.RequestLoggingMiddleware HTTP GET /api/Catches/market-stats responded 200 in 17.225 ms
2026-09-26 06:49:58.401 +05:30 [INF] Serilog.AspNetCore.RequestLoggingMiddleware HTTP GET /api/AgentGateway/prices/Mackerel/predict responded 401 in 0.475 ms
2026-09-26 06:50:01.900 +05:30 [INF] Serilog.AspNetCore.RequestLoggingMiddleware HTTP OPTIONS /api/Catches responded 204 in 0.075 ms
2026-09-26 06:50:01.901 +05:30 [INF] Serilog.AspNetCore.RequestLoggingMiddleware HTTP OPTIONS /api/Catches responded 204 in 0.083 ms
2026-09-26 06:50:01.920 +05:30 [INF] Serilog.AspNetCore.RequestLoggingMiddleware HTTP GET /api/Catches responded 401 in 0.687 ms
2026-09-26 06:50:01.931 +05:30 [INF] Serilog.AspNetCore.RequestLoggingMiddleware HTTP GET /api/Catches responded 401 in 0.734 ms
2026-09-26 06:50:02.979 +05:30 [INF] Serilog.AspNetCore.RequestLoggingMiddleware HTTP GET /api/AgentGateway/prices/Tuna (Yellowfin)/predict responded 401 in 1.337 ms
2026-09-26 06:50:02.980 +05:30 [INF] Serilog.AspNetCore.RequestLoggingMiddleware HTTP GET /api/AgentGateway/prices/Skipjack/predict responded 401 in 1.080 ms
2026-09-26 06:50:02.982 +05:30 [INF] Serilog.AspNetCore.RequestLoggingMiddleware HTTP GET /api/AgentGateway/prices/Trevally (Paraw)/predict responded 401 in 0.842 ms
2026-09-26 06:50:02.983 +05:30 [INF] Serilog.AspNetCore.RequestLoggingMiddleware HTTP GET /api/AgentGateway/prices/Mackerel/predict responded 401 in 0.751 ms
2026-09-26 06:50:03.001 +05:30 [INF] Serilog.AspNetCore.RequestLoggingMiddleware HTTP GET /api/Catches/market-stats responded 200 in 12.852 ms
2026-09-26 06:50:03.019 +05:30 [INF] Serilog.AspNetCore.RequestLoggingMiddleware HTTP GET /api/Catches/market-stats responded 200 in 7.631 ms
2026-09-26 06:50:03.029 +05:30 [INF] Serilog.AspNetCore.RequestLoggingMiddleware HTTP GET /api/AgentGateway/prices/Tuna (Yellowfin)/predict responded 401 in 1.063 ms
2026-09-26 06:50:03.036 +05:30 [INF] Serilog.AspNetCore.RequestLoggingMiddleware HTTP GET /api/AgentGateway/prices/Skipjack/predict responded 401 in 0.689 ms
2026-09-26 06:50:03.049 +05:30 [INF] Serilog.AspNetCore.RequestLoggingMiddleware HTTP GET /api/AgentGateway/prices/Trevally (Paraw)/predict responded 401 in 1.580 ms
2026-09-26 06:50:03.058 +05:30 [INF] Serilog.AspNetCore.RequestLoggingMiddleware HTTP GET /api/AgentGateway/prices/Mackerel/predict responded 401 in 2.861 ms
2026-09-26 06:50:07.650 +05:30 [INF] Serilog.AspNetCore.RequestLoggingMiddleware HTTP OPTIONS /api/Catches responded 204 in 0.068 ms
2026-09-26 06:50:07.652 +05:30 [INF] Serilog.AspNetCore.RequestLoggingMiddleware HTTP OPTIONS /api/Catches responded 204 in 0.137 ms
2026-09-26 06:50:07.671 +05:30 [INF] Serilog.AspNetCore.RequestLoggingMiddleware HTTP GET /api/Catches responded 401 in 0.531 ms
2026-09-26 06:50:07.994 +05:30 [INF] Serilog.AspNetCore.RequestLoggingMiddleware HTTP GET /api/Catches responded 401 in 0.702 ms
2026-09-26 06:50:13.253 +05:30 [INF] Serilog.AspNetCore.RequestLoggingMiddleware HTTP OPTIONS /api/AgentGateway/prices/Tuna (Yellowfin)/predict responded 204 in 0.075 ms
2026-09-26 06:50:13.254 +05:30 [INF] Serilog.AspNetCore.RequestLoggingMiddleware HTTP OPTIONS /api/AgentGateway/prices/Skipjack/predict responded 204 in 0.092 ms
2026-09-26 06:50:13.254 +05:30 [INF] Serilog.AspNetCore.RequestLoggingMiddleware HTTP OPTIONS /api/AgentGateway/prices/Trevally (Paraw)/predict responded 204 in 0.026 ms
2026-09-26 06:50:13.254 +05:30 [INF] Serilog.AspNetCore.RequestLoggingMiddleware HTTP OPTIONS /api/AgentGateway/prices/Mackerel/predict responded 204 in 0.015 ms
2026-09-26 06:50:13.257 +05:30 [INF] Serilog.AspNetCore.RequestLoggingMiddleware HTTP OPTIONS /api/Catches/market-stats responded 204 in 0.188 ms
2026-09-26 06:50:13.257 +05:30 [INF] Serilog.AspNetCore.RequestLoggingMiddleware HTTP OPTIONS /api/AgentGateway/prices/Tuna (Yellowfin)/predict responded 204 in 0.027 ms
2026-09-26 06:50:13.268 +05:30 [INF] Serilog.AspNetCore.RequestLoggingMiddleware HTTP OPTIONS /api/AgentGateway/prices/Skipjack/predict responded 204 in 0.076 ms
2026-09-26 06:50:13.281 +05:30 [INF] Serilog.AspNetCore.RequestLoggingMiddleware HTTP OPTIONS /api/AgentGateway/prices/Trevally (Paraw)/predict responded 204 in 0.105 ms
2026-09-26 06:50:13.288 +05:30 [INF] Serilog.AspNetCore.RequestLoggingMiddleware HTTP OPTIONS /api/AgentGateway/prices/Mackerel/predict responded 204 in 0.240 ms
2026-09-26 06:50:13.296 +05:30 [INF] Serilog.AspNetCore.RequestLoggingMiddleware HTTP OPTIONS /api/Catches/market-stats responded 204 in 0.118 ms
2026-09-26 06:50:13.303 +05:30 [INF] Serilog.AspNetCore.RequestLoggingMiddleware HTTP GET /api/AgentGateway/prices/Tuna (Yellowfin)/predict responded 401 in 0.992 ms
2026-09-26 06:50:13.309 +05:30 [INF] Serilog.AspNetCore.RequestLoggingMiddleware HTTP GET /api/AgentGateway/prices/Skipjack/predict responded 401 in 0.507 ms
2026-09-26 06:50:13.320 +05:30 [INF] Serilog.AspNetCore.RequestLoggingMiddleware HTTP GET /api/AgentGateway/prices/Trevally (Paraw)/predict responded 401 in 0.939 ms
2026-09-26 06:50:13.337 +05:30 [INF] Serilog.AspNetCore.RequestLoggingMiddleware HTTP GET /api/AgentGateway/prices/Mackerel/predict responded 401 in 0.454 ms
2026-09-26 06:50:13.360 +05:30 [INF] Serilog.AspNetCore.RequestLoggingMiddleware HTTP GET /api/Catches/market-stats responded 200 in 16.038 ms
2026-09-26 06:50:13.360 +05:30 [INF] Serilog.AspNetCore.RequestLoggingMiddleware HTTP GET /api/AgentGateway/prices/Tuna (Yellowfin)/predict responded 401 in 0.487 ms
2026-09-26 06:50:13.368 +05:30 [INF] Serilog.AspNetCore.RequestLoggingMiddleware HTTP GET /api/AgentGateway/prices/Skipjack/predict responded 401 in 0.823 ms
2026-09-26 06:50:13.387 +05:30 [INF] Serilog.AspNetCore.RequestLoggingMiddleware HTTP GET /api/AgentGateway/prices/Trevally (Paraw)/predict responded 401 in 0.506 ms
2026-09-26 06:50:13.400 +05:30 [INF] Serilog.AspNetCore.RequestLoggingMiddleware HTTP GET /api/AgentGateway/prices/Mackerel/predict responded 401 in 0.511 ms
2026-09-26 06:50:13.401 +05:30 [INF] Serilog.AspNetCore.RequestLoggingMiddleware HTTP GET /api/Catches/market-stats responded 200 in 21.098 ms
2026-09-26 06:50:27.843 +05:30 [INF] Serilog.AspNetCore.RequestLoggingMiddleware HTTP OPTIONS /api/Catches responded 204 in 0.065 ms
2026-09-26 06:50:27.844 +05:30 [INF] Serilog.AspNetCore.RequestLoggingMiddleware HTTP OPTIONS /api/Catches responded 204 in 0.071 ms
2026-09-26 06:50:27.853 +05:30 [INF] Serilog.AspNetCore.RequestLoggingMiddleware HTTP GET /api/Catches responded 401 in 0.664 ms
2026-09-26 06:50:27.868 +05:30 [INF] Serilog.AspNetCore.RequestLoggingMiddleware HTTP GET /api/Catches responded 401 in 0.695 ms
2026-09-26 06:50:34.252 +05:30 [INF] Serilog.AspNetCore.RequestLoggingMiddleware HTTP OPTIONS /api/Auth/login responded 204 in 0.089 ms
2026-09-26 06:50:34.517 +05:30 [INF] Serilog.AspNetCore.RequestLoggingMiddleware HTTP POST /api/Auth/login responded 200 in 252.504 ms
2026-09-26 06:50:34.658 +05:30 [INF] Serilog.AspNetCore.RequestLoggingMiddleware HTTP OPTIONS /api/Catches/flagged responded 204 in 0.757 ms
2026-09-26 06:50:34.661 +05:30 [INF] Serilog.AspNetCore.RequestLoggingMiddleware HTTP OPTIONS /api/Catches responded 204 in 0.216 ms
2026-09-26 06:50:34.667 +05:30 [INF] Serilog.AspNetCore.RequestLoggingMiddleware HTTP OPTIONS /api/Logistics/plans responded 204 in 0.089 ms
2026-09-26 06:50:34.672 +05:30 [INF] Serilog.AspNetCore.RequestLoggingMiddleware HTTP OPTIONS /api/Catches/flagged responded 204 in 0.075 ms
2026-09-26 06:50:34.672 +05:30 [INF] Serilog.AspNetCore.RequestLoggingMiddleware HTTP OPTIONS /api/Catches responded 204 in 0.008 ms
2026-09-26 06:50:34.680 +05:30 [INF] Serilog.AspNetCore.RequestLoggingMiddleware HTTP OPTIONS /api/Logistics/plans responded 204 in 0.060 ms
2026-09-26 06:50:34.740 +05:30 [INF] Serilog.AspNetCore.RequestLoggingMiddleware HTTP GET /api/Catches/flagged responded 200 in 39.351 ms
2026-09-26 06:50:34.794 +05:30 [INF] Serilog.AspNetCore.RequestLoggingMiddleware HTTP GET /api/Catches/flagged responded 200 in 15.259 ms
2026-09-26 06:50:34.963 +05:30 [INF] Serilog.AspNetCore.RequestLoggingMiddleware HTTP GET /api/Logistics/plans responded 200 in 245.493 ms
2026-09-26 06:50:34.974 +05:30 [INF] FishLink.API.Services.CatchService GetCatches: 4 results, page 1/1
2026-09-26 06:50:34.981 +05:30 [INF] Serilog.AspNetCore.RequestLoggingMiddleware HTTP GET /api/Logistics/plans responded 200 in 3.670 ms
2026-09-26 06:50:35.135 +05:30 [INF] Serilog.AspNetCore.RequestLoggingMiddleware HTTP GET /api/Catches responded 200 in 433.370 ms
2026-09-26 06:50:35.183 +05:30 [INF] FishLink.API.Services.CatchService GetCatches: 4 results, page 1/1
2026-09-26 06:50:35.540 +05:30 [INF] Serilog.AspNetCore.RequestLoggingMiddleware HTTP GET /api/Catches responded 200 in 382.386 ms
2026-09-26 06:51:22.949 +05:30 [INF] Serilog.AspNetCore.RequestLoggingMiddleware HTTP OPTIONS /api/Weather/locations responded 204 in 0.069 ms
2026-09-26 06:51:22.960 +05:30 [INF] Serilog.AspNetCore.RequestLoggingMiddleware HTTP OPTIONS /api/Catches/flagged responded 204 in 0.082 ms
2026-09-26 06:51:22.963 +05:30 [INF] Serilog.AspNetCore.RequestLoggingMiddleware HTTP OPTIONS /api/Catches responded 204 in 0.092 ms
2026-09-26 06:51:22.964 +05:30 [INF] Serilog.AspNetCore.RequestLoggingMiddleware HTTP OPTIONS /api/Weather/locations responded 204 in 0.065 ms
2026-09-26 06:51:22.964 +05:30 [INF] Serilog.AspNetCore.RequestLoggingMiddleware HTTP OPTIONS /api/Logistics/plans responded 204 in 0.064 ms
2026-09-26 06:51:22.979 +05:30 [INF] Serilog.AspNetCore.RequestLoggingMiddleware HTTP OPTIONS /api/Catches/flagged responded 204 in 0.077 ms
2026-09-26 06:51:23.005 +05:30 [INF] Serilog.AspNetCore.RequestLoggingMiddleware HTTP OPTIONS /api/Catches responded 204 in 0.082 ms
2026-09-26 06:51:23.008 +05:30 [INF] Serilog.AspNetCore.RequestLoggingMiddleware HTTP OPTIONS /api/Logistics/plans responded 204 in 0.061 ms
2026-09-26 06:51:23.014 +05:30 [INF] FishLink.API.Services.WeatherService OpenWeatherMap API key not configured — using simulated weather for Negombo
2026-09-26 06:51:23.060 +05:30 [INF] FishLink.API.Services.CatchService GetCatches: 4 results, page 1/1
2026-09-26 06:51:23.065 +05:30 [INF] Serilog.AspNetCore.RequestLoggingMiddleware HTTP GET /api/Catches/flagged responded 200 in 46.667 ms
2026-09-26 06:51:23.079 +05:30 [INF] Serilog.AspNetCore.RequestLoggingMiddleware HTTP GET /api/Logistics/plans responded 200 in 29.973 ms
2026-09-26 06:51:23.093 +05:30 [INF] FishLink.API.Services.WeatherService OpenWeatherMap API key not configured — using simulated weather for Colombo
2026-09-26 06:51:23.156 +05:30 [INF] Serilog.AspNetCore.RequestLoggingMiddleware HTTP GET /api/Catches responded 200 in 111.042 ms
2026-09-26 06:51:23.180 +05:30 [INF] Serilog.AspNetCore.RequestLoggingMiddleware HTTP GET /api/Catches/flagged responded 200 in 32.015 ms
2026-09-26 06:51:23.198 +05:30 [INF] Serilog.AspNetCore.RequestLoggingMiddleware HTTP GET /api/Logistics/plans responded 200 in 23.188 ms
2026-09-26 06:51:23.210 +05:30 [INF] FishLink.API.Services.WeatherService OpenWeatherMap API key not configured — using simulated weather for Galle
2026-09-26 06:51:23.240 +05:30 [INF] FishLink.API.Services.CatchService GetCatches: 4 results, page 1/1
2026-09-26 06:51:23.279 +05:30 [INF] FishLink.API.Services.WeatherService OpenWeatherMap API key not configured — using simulated weather for Jaffna
2026-09-26 06:51:23.292 +05:30 [INF] Serilog.AspNetCore.RequestLoggingMiddleware HTTP GET /api/Catches responded 200 in 77.961 ms
2026-09-26 06:51:23.417 +05:30 [INF] FishLink.API.Services.WeatherService OpenWeatherMap API key not configured — using simulated weather for Matara
2026-09-26 06:51:23.576 +05:30 [INF] Serilog.AspNetCore.RequestLoggingMiddleware HTTP GET /api/Weather/locations responded 200 in 562.380 ms
2026-09-26 06:51:23.607 +05:30 [INF] Serilog.AspNetCore.RequestLoggingMiddleware HTTP GET /api/Weather/locations responded 200 in 0.489 ms
2026-09-26 06:51:23.621 +05:30 [INF] Serilog.AspNetCore.RequestLoggingMiddleware HTTP GET /api/Weather/locations responded 200 in 0.589 ms
2026-09-26 06:51:23.626 +05:30 [INF] Serilog.AspNetCore.RequestLoggingMiddleware HTTP GET /api/Weather/locations responded 200 in 0.483 ms
2026-09-26 06:51:26.474 +05:30 [INF] Serilog.AspNetCore.RequestLoggingMiddleware HTTP GET /api/Catches/flagged responded 200 in 11.090 ms
2026-09-26 06:51:26.482 +05:30 [INF] Serilog.AspNetCore.RequestLoggingMiddleware HTTP GET /api/Logistics/plans responded 200 in 12.451 ms
2026-09-26 06:51:26.488 +05:30 [INF] FishLink.API.Services.CatchService GetCatches: 4 results, page 1/1
2026-09-26 06:51:26.512 +05:30 [INF] Serilog.AspNetCore.RequestLoggingMiddleware HTTP GET /api/Catches/flagged responded 200 in 12.910 ms
2026-09-26 06:51:26.513 +05:30 [INF] Serilog.AspNetCore.RequestLoggingMiddleware HTTP GET /api/Logistics/plans responded 200 in 8.402 ms
2026-09-26 06:51:26.557 +05:30 [INF] Serilog.AspNetCore.RequestLoggingMiddleware HTTP GET /api/Catches responded 200 in 88.222 ms
2026-09-26 06:51:26.599 +05:30 [INF] FishLink.API.Services.CatchService GetCatches: 4 results, page 1/1
2026-09-26 06:51:26.654 +05:30 [INF] Serilog.AspNetCore.RequestLoggingMiddleware HTTP GET /api/Catches responded 200 in 86.154 ms
2026-09-26 07:28:19.848 +05:30 [INF] Serilog.AspNetCore.RequestLoggingMiddleware HTTP OPTIONS /api/Weather/locations responded 204 in 0.137 ms
2026-09-26 07:28:19.852 +05:30 [INF] Serilog.AspNetCore.RequestLoggingMiddleware HTTP OPTIONS /api/Catches/flagged responded 204 in 0.068 ms
2026-09-26 07:28:19.853 +05:30 [INF] Serilog.AspNetCore.RequestLoggingMiddleware HTTP OPTIONS /api/Catches responded 204 in 0.062 ms
2026-09-26 07:28:19.857 +05:30 [INF] Serilog.AspNetCore.RequestLoggingMiddleware HTTP OPTIONS /api/Logistics/plans responded 204 in 0.097 ms
2026-09-26 07:28:19.857 +05:30 [INF] Serilog.AspNetCore.RequestLoggingMiddleware HTTP OPTIONS /api/Weather/locations responded 204 in 0.022 ms
2026-09-26 07:28:20.075 +05:30 [INF] Serilog.AspNetCore.RequestLoggingMiddleware HTTP OPTIONS /api/Catches/flagged responded 204 in 0.093 ms
2026-09-26 07:28:20.148 +05:30 [INF] Serilog.AspNetCore.RequestLoggingMiddleware HTTP OPTIONS /api/Catches responded 204 in 0.068 ms
2026-09-26 07:28:20.259 +05:30 [INF] Serilog.AspNetCore.RequestLoggingMiddleware HTTP OPTIONS /api/Logistics/plans responded 204 in 0.066 ms
2026-09-26 07:28:20.291 +05:30 [INF] FishLink.API.Services.WeatherService OpenWeatherMap API key not configured — using simulated weather for Negombo
2026-09-26 07:28:20.636 +05:30 [INF] Serilog.AspNetCore.RequestLoggingMiddleware HTTP GET /api/Catches/flagged responded 200 in 286.988 ms
2026-09-26 07:28:20.655 +05:30 [INF] FishLink.API.Services.CatchService GetCatches: 4 results, page 1/1
2026-09-26 07:28:20.673 +05:30 [INF] FishLink.API.Services.WeatherService OpenWeatherMap API key not configured — using simulated weather for Colombo
2026-09-26 07:28:20.698 +05:30 [INF] Serilog.AspNetCore.RequestLoggingMiddleware HTTP GET /api/Logistics/plans responded 200 in 285.572 ms
2026-09-26 07:28:20.703 +05:30 [INF] Serilog.AspNetCore.RequestLoggingMiddleware HTTP GET /api/Catches/flagged responded 200 in 30.041 ms
2026-09-26 07:28:20.721 +05:30 [INF] Serilog.AspNetCore.RequestLoggingMiddleware HTTP GET /api/Catches responded 200 in 357.604 ms
2026-09-26 07:28:20.732 +05:30 [INF] FishLink.API.Services.WeatherService OpenWeatherMap API key not configured — using simulated weather for Galle
2026-09-26 07:28:20.755 +05:30 [INF] Serilog.AspNetCore.RequestLoggingMiddleware HTTP GET /api/Logistics/plans responded 200 in 11.472 ms
2026-09-26 07:28:20.777 +05:30 [INF] FishLink.API.Services.CatchService GetCatches: 4 results, page 1/1
2026-09-26 07:28:20.810 +05:30 [INF] FishLink.API.Services.WeatherService OpenWeatherMap API key not configured — using simulated weather for Jaffna
2026-09-26 07:28:20.899 +05:30 [INF] Serilog.AspNetCore.RequestLoggingMiddleware HTTP GET /api/Catches responded 200 in 152.398 ms
2026-09-26 07:28:20.927 +05:30 [INF] FishLink.API.Services.WeatherService OpenWeatherMap API key not configured — using simulated weather for Matara
2026-09-26 07:28:20.980 +05:30 [INF] Serilog.AspNetCore.RequestLoggingMiddleware HTTP GET /api/Weather/locations responded 200 in 694.269 ms
2026-09-26 07:28:20.985 +05:30 [INF] Serilog.AspNetCore.RequestLoggingMiddleware HTTP GET /api/Weather/locations responded 200 in 0.602 ms
2026-09-26 07:28:20.989 +05:30 [INF] Serilog.AspNetCore.RequestLoggingMiddleware HTTP GET /api/Weather/locations responded 200 in 0.582 ms
2026-09-26 07:28:20.990 +05:30 [INF] Serilog.AspNetCore.RequestLoggingMiddleware HTTP GET /api/Weather/locations responded 200 in 0.385 ms
2026-09-26 07:28:24.673 +05:30 [INF] FishLink.API.Services.CatchService GetCatches: 4 results, page 1/1
2026-09-26 07:28:24.675 +05:30 [INF] Serilog.AspNetCore.RequestLoggingMiddleware HTTP GET /api/Logistics/plans responded 200 in 16.535 ms
2026-09-26 07:28:24.678 +05:30 [INF] Serilog.AspNetCore.RequestLoggingMiddleware HTTP GET /api/Catches/flagged responded 200 in 24.316 ms
2026-09-26 07:28:24.697 +05:30 [INF] Serilog.AspNetCore.RequestLoggingMiddleware HTTP GET /api/Logistics/plans responded 200 in 7.780 ms
2026-09-26 07:28:24.700 +05:30 [INF] Serilog.AspNetCore.RequestLoggingMiddleware HTTP GET /api/Catches/flagged responded 200 in 11.282 ms
2026-09-26 07:28:24.724 +05:30 [INF] Serilog.AspNetCore.RequestLoggingMiddleware HTTP GET /api/Catches responded 200 in 69.659 ms
2026-09-26 07:28:24.757 +05:30 [INF] FishLink.API.Services.CatchService GetCatches: 4 results, page 1/1
2026-09-26 07:28:24.812 +05:30 [INF] Serilog.AspNetCore.RequestLoggingMiddleware HTTP GET /api/Catches responded 200 in 76.972 ms
2026-09-26 07:28:32.926 +05:30 [INF] Serilog.AspNetCore.RequestLoggingMiddleware HTTP OPTIONS /api/AgentGateway/prices/Tuna (Yellowfin)/predict responded 204 in 0.332 ms
2026-09-26 07:28:32.929 +05:30 [INF] Serilog.AspNetCore.RequestLoggingMiddleware HTTP OPTIONS /api/AgentGateway/prices/Skipjack/predict responded 204 in 0.072 ms
2026-09-26 07:28:32.930 +05:30 [INF] Serilog.AspNetCore.RequestLoggingMiddleware HTTP OPTIONS /api/AgentGateway/prices/Trevally (Paraw)/predict responded 204 in 0.334 ms
2026-09-26 07:28:32.930 +05:30 [INF] Serilog.AspNetCore.RequestLoggingMiddleware HTTP OPTIONS /api/AgentGateway/prices/Mackerel/predict responded 204 in 0.026 ms
2026-09-26 07:28:32.934 +05:30 [INF] Serilog.AspNetCore.RequestLoggingMiddleware HTTP OPTIONS /api/Catches/market-stats responded 204 in 0.072 ms
2026-09-26 07:28:32.934 +05:30 [INF] Serilog.AspNetCore.RequestLoggingMiddleware HTTP OPTIONS /api/AgentGateway/prices/Tuna (Yellowfin)/predict responded 204 in 0.019 ms
2026-09-26 07:28:32.950 +05:30 [INF] Serilog.AspNetCore.RequestLoggingMiddleware HTTP OPTIONS /api/AgentGateway/prices/Skipjack/predict responded 204 in 0.099 ms
2026-09-26 07:28:32.961 +05:30 [INF] Serilog.AspNetCore.RequestLoggingMiddleware HTTP OPTIONS /api/AgentGateway/prices/Trevally (Paraw)/predict responded 204 in 0.096 ms
2026-09-26 07:28:32.967 +05:30 [INF] Serilog.AspNetCore.RequestLoggingMiddleware HTTP OPTIONS /api/AgentGateway/prices/Mackerel/predict responded 204 in 0.113 ms
2026-09-26 07:28:32.978 +05:30 [INF] Serilog.AspNetCore.RequestLoggingMiddleware HTTP OPTIONS /api/Catches/market-stats responded 204 in 0.073 ms
2026-09-26 07:28:32.984 +05:30 [INF] Serilog.AspNetCore.RequestLoggingMiddleware HTTP GET /api/AgentGateway/prices/Tuna (Yellowfin)/predict responded 401 in 3.262 ms
2026-09-26 07:28:32.990 +05:30 [INF] Serilog.AspNetCore.RequestLoggingMiddleware HTTP GET /api/AgentGateway/prices/Skipjack/predict responded 401 in 0.710 ms
2026-09-26 07:28:32.996 +05:30 [INF] Serilog.AspNetCore.RequestLoggingMiddleware HTTP GET /api/AgentGateway/prices/Trevally (Paraw)/predict responded 401 in 1.202 ms
2026-09-26 07:28:33.008 +05:30 [INF] Serilog.AspNetCore.RequestLoggingMiddleware HTTP GET /api/AgentGateway/prices/Mackerel/predict responded 401 in 0.460 ms
2026-09-26 07:28:33.064 +05:30 [INF] Serilog.AspNetCore.RequestLoggingMiddleware HTTP GET /api/Catches/market-stats responded 200 in 32.977 ms
2026-09-26 07:28:33.102 +05:30 [INF] Serilog.AspNetCore.RequestLoggingMiddleware HTTP GET /api/AgentGateway/prices/Tuna (Yellowfin)/predict responded 401 in 0.615 ms
2026-09-26 07:28:33.108 +05:30 [INF] Serilog.AspNetCore.RequestLoggingMiddleware HTTP GET /api/AgentGateway/prices/Skipjack/predict responded 401 in 1.015 ms
2026-09-26 07:28:33.113 +05:30 [INF] Serilog.AspNetCore.RequestLoggingMiddleware HTTP GET /api/Catches/market-stats responded 200 in 24.500 ms
2026-09-26 07:28:33.133 +05:30 [INF] Serilog.AspNetCore.RequestLoggingMiddleware HTTP GET /api/AgentGateway/prices/Trevally (Paraw)/predict responded 401 in 1.882 ms
2026-09-26 07:28:33.144 +05:30 [INF] Serilog.AspNetCore.RequestLoggingMiddleware HTTP GET /api/AgentGateway/prices/Mackerel/predict responded 401 in 2.178 ms
2026-09-26 07:33:10.756 +05:30 [INF] Serilog.AspNetCore.RequestLoggingMiddleware HTTP OPTIONS /api/Catches responded 204 in 0.076 ms
2026-09-26 07:33:10.758 +05:30 [INF] Serilog.AspNetCore.RequestLoggingMiddleware HTTP OPTIONS /api/Catches responded 204 in 0.071 ms
2026-09-26 07:33:10.770 +05:30 [INF] Serilog.AspNetCore.RequestLoggingMiddleware HTTP GET /api/Catches responded 401 in 0.683 ms
2026-09-26 07:33:10.786 +05:30 [INF] Serilog.AspNetCore.RequestLoggingMiddleware HTTP GET /api/Catches responded 401 in 0.712 ms
2026-09-26 07:33:12.915 +05:30 [INF] Serilog.AspNetCore.RequestLoggingMiddleware HTTP OPTIONS /api/AgentGateway/prices/Skipjack/predict responded 204 in 0.254 ms
2026-09-26 07:33:12.915 +05:30 [INF] Serilog.AspNetCore.RequestLoggingMiddleware HTTP OPTIONS /api/AgentGateway/prices/Tuna (Yellowfin)/predict responded 204 in 0.029 ms
2026-09-26 07:33:12.922 +05:30 [INF] Serilog.AspNetCore.RequestLoggingMiddleware HTTP OPTIONS /api/AgentGateway/prices/Mackerel/predict responded 204 in 0.038 ms
2026-09-26 07:33:12.921 +05:30 [INF] Serilog.AspNetCore.RequestLoggingMiddleware HTTP OPTIONS /api/AgentGateway/prices/Trevally (Paraw)/predict responded 204 in 0.135 ms
2026-09-26 07:33:12.928 +05:30 [INF] Serilog.AspNetCore.RequestLoggingMiddleware HTTP OPTIONS /api/Catches/market-stats responded 204 in 0.188 ms
2026-09-26 07:33:12.945 +05:30 [INF] Serilog.AspNetCore.RequestLoggingMiddleware HTTP OPTIONS /api/AgentGateway/prices/Tuna (Yellowfin)/predict responded 204 in 0.342 ms
2026-09-26 07:33:12.952 +05:30 [INF] Serilog.AspNetCore.RequestLoggingMiddleware HTTP OPTIONS /api/AgentGateway/prices/Skipjack/predict responded 204 in 0.271 ms
2026-09-26 07:33:12.959 +05:30 [INF] Serilog.AspNetCore.RequestLoggingMiddleware HTTP OPTIONS /api/AgentGateway/prices/Trevally (Paraw)/predict responded 204 in 0.634 ms
2026-09-26 07:33:12.969 +05:30 [INF] Serilog.AspNetCore.RequestLoggingMiddleware HTTP OPTIONS /api/AgentGateway/prices/Mackerel/predict responded 204 in 0.243 ms
2026-09-26 07:33:12.974 +05:30 [INF] Serilog.AspNetCore.RequestLoggingMiddleware HTTP OPTIONS /api/Catches/market-stats responded 204 in 0.085 ms
2026-09-26 07:33:12.987 +05:30 [INF] Serilog.AspNetCore.RequestLoggingMiddleware HTTP GET /api/AgentGateway/prices/Skipjack/predict responded 401 in 3.653 ms
2026-09-26 07:33:13.000 +05:30 [INF] Serilog.AspNetCore.RequestLoggingMiddleware HTTP GET /api/AgentGateway/prices/Tuna (Yellowfin)/predict responded 401 in 0.714 ms
2026-09-26 07:33:13.005 +05:30 [INF] Serilog.AspNetCore.RequestLoggingMiddleware HTTP GET /api/AgentGateway/prices/Mackerel/predict responded 401 in 1.719 ms
2026-09-26 07:33:13.017 +05:30 [INF] Serilog.AspNetCore.RequestLoggingMiddleware HTTP GET /api/AgentGateway/prices/Trevally (Paraw)/predict responded 401 in 1.066 ms
2026-09-26 07:33:13.040 +05:30 [INF] Serilog.AspNetCore.RequestLoggingMiddleware HTTP GET /api/AgentGateway/prices/Skipjack/predict responded 401 in 0.560 ms
2026-09-26 07:33:13.045 +05:30 [INF] Serilog.AspNetCore.RequestLoggingMiddleware HTTP GET /api/AgentGateway/prices/Tuna (Yellowfin)/predict responded 401 in 1.807 ms
2026-09-26 07:33:13.055 +05:30 [INF] Serilog.AspNetCore.RequestLoggingMiddleware HTTP GET /api/Catches/market-stats responded 200 in 17.032 ms
2026-09-26 07:33:13.061 +05:30 [INF] Serilog.AspNetCore.RequestLoggingMiddleware HTTP GET /api/AgentGateway/prices/Mackerel/predict responded 401 in 1.122 ms
2026-09-26 07:33:13.075 +05:30 [INF] Serilog.AspNetCore.RequestLoggingMiddleware HTTP GET /api/AgentGateway/prices/Trevally (Paraw)/predict responded 401 in 1.118 ms
2026-09-26 07:33:13.091 +05:30 [INF] Serilog.AspNetCore.RequestLoggingMiddleware HTTP GET /api/Catches/market-stats responded 200 in 12.772 ms
2026-09-26 07:38:00.763 +05:30 [INF] Serilog.AspNetCore.RequestLoggingMiddleware HTTP OPTIONS /api/Weather/locations responded 204 in 0.091 ms
2026-09-26 07:38:00.763 +05:30 [INF] Serilog.AspNetCore.RequestLoggingMiddleware HTTP OPTIONS /api/Weather/locations responded 204 in 0.021 ms
2026-09-26 07:38:00.774 +05:30 [INF] Serilog.AspNetCore.RequestLoggingMiddleware HTTP GET /api/Weather/locations responded 200 in 1.449 ms
2026-09-26 07:38:00.786 +05:30 [INF] Serilog.AspNetCore.RequestLoggingMiddleware HTTP GET /api/Weather/locations responded 200 in 1.641 ms
2026-09-26 07:41:14.727 +05:30 [INF] Serilog.AspNetCore.RequestLoggingMiddleware HTTP GET /swagger responded 301 in 14.810 ms
2026-09-26 07:41:14.977 +05:30 [INF] Serilog.AspNetCore.RequestLoggingMiddleware HTTP GET /swagger/index.html responded 200 in 166.425 ms
2026-09-26 07:41:15.055 +05:30 [INF] Serilog.AspNetCore.RequestLoggingMiddleware HTTP GET /swagger/index.js responded 200 in 1.463 ms
2026-09-26 07:41:15.072 +05:30 [INF] Serilog.AspNetCore.RequestLoggingMiddleware HTTP GET /swagger/swagger-ui-standalone-preset.js responded 200 in 15.467 ms
2026-09-26 07:41:15.072 +05:30 [INF] Serilog.AspNetCore.RequestLoggingMiddleware HTTP GET /swagger/swagger-ui.css responded 200 in 30.045 ms
2026-09-26 07:41:15.072 +05:30 [INF] Serilog.AspNetCore.RequestLoggingMiddleware HTTP GET /swagger/index.css responded 200 in 27.511 ms
2026-09-26 07:41:15.171 +05:30 [INF] Serilog.AspNetCore.RequestLoggingMiddleware HTTP GET /swagger/swagger-ui-bundle.js responded 200 in 118.790 ms
2026-09-26 07:41:15.643 +05:30 [INF] Serilog.AspNetCore.RequestLoggingMiddleware HTTP GET /swagger/favicon-32x32.png responded 200 in 1.277 ms
2026-09-26 07:41:15.822 +05:30 [ERR] Serilog.AspNetCore.RequestLoggingMiddleware HTTP GET /swagger/v1/swagger.json responded 500 in 242.499 ms
System.MissingMethodException: Method not found: 'System.Collections.Generic.IDictionary`2<System.String,Microsoft.OpenApi.OpenApiMediaType> Microsoft.OpenApi.IOpenApiRequestBody.get_Content()'.
   at Swashbuckle.AspNetCore.SwaggerGen.SwaggerGenerator.GenerateOpenApiOperationFromMetadataAsync(ApiDescription apiDescription, SchemaRepository schemaRepository, OpenApiDocument document)
   at System.Runtime.CompilerServices.AsyncMethodBuilderCore.Start[TStateMachine](TStateMachine& stateMachine)
   at Swashbuckle.AspNetCore.SwaggerGen.SwaggerGenerator.GenerateOpenApiOperationFromMetadataAsync(ApiDescription apiDescription, SchemaRepository schemaRepository, OpenApiDocument document)
   at Swashbuckle.AspNetCore.SwaggerGen.SwaggerGenerator.GenerateOperationAsync(OpenApiDocument document, ApiDescription apiDescription, SchemaRepository schemaRepository, Func`4 parametersGenerator, Func`4 bodyGenerator, Func`3 applyFilters)
   at Swashbuckle.AspNetCore.SwaggerGen.SwaggerGenerator.GenerateOperationAsync(OpenApiDocument document, ApiDescription apiDescription, SchemaRepository schemaRepository)
   at Swashbuckle.AspNetCore.SwaggerGen.SwaggerGenerator.GenerateOperationsAsync(OpenApiDocument document, IEnumerable`1 apiDescriptions, SchemaRepository schemaRepository)
   at Swashbuckle.AspNetCore.SwaggerGen.SwaggerGenerator.GeneratePathsAsync(OpenApiDocument document, IEnumerable`1 apiDescriptions, SchemaRepository schemaRepository, Func`4 operationsGenerator)
   at Swashbuckle.AspNetCore.SwaggerGen.SwaggerGenerator.GeneratePathsAsync(OpenApiDocument document, IEnumerable`1 apiDescriptions, SchemaRepository schemaRepository)
   at Swashbuckle.AspNetCore.SwaggerGen.SwaggerGenerator.GetSwaggerAsync(String documentName, String host, String basePath)
   at Swashbuckle.AspNetCore.Swagger.SwaggerMiddleware.Invoke(HttpContext httpContext, ISwaggerProvider swaggerProvider)
   at Serilog.AspNetCore.RequestLoggingMiddleware.Invoke(HttpContext httpContext)
2026-09-26 07:41:15.837 +05:30 [ERR] FishLink.API.Middleware.ErrorHandlingMiddleware Unhandled exception on GET /swagger/v1/swagger.json — Method not found: 'System.Collections.Generic.IDictionary`2<System.String,Microsoft.OpenApi.OpenApiMediaType> Microsoft.OpenApi.IOpenApiRequestBody.get_Content()'.
System.MissingMethodException: Method not found: 'System.Collections.Generic.IDictionary`2<System.String,Microsoft.OpenApi.OpenApiMediaType> Microsoft.OpenApi.IOpenApiRequestBody.get_Content()'.
   at Swashbuckle.AspNetCore.SwaggerGen.SwaggerGenerator.GenerateOpenApiOperationFromMetadataAsync(ApiDescription apiDescription, SchemaRepository schemaRepository, OpenApiDocument document)
   at System.Runtime.CompilerServices.AsyncMethodBuilderCore.Start[TStateMachine](TStateMachine& stateMachine)
   at Swashbuckle.AspNetCore.SwaggerGen.SwaggerGenerator.GenerateOpenApiOperationFromMetadataAsync(ApiDescription apiDescription, SchemaRepository schemaRepository, OpenApiDocument document)
   at Swashbuckle.AspNetCore.SwaggerGen.SwaggerGenerator.GenerateOperationAsync(OpenApiDocument document, ApiDescription apiDescription, SchemaRepository schemaRepository, Func`4 parametersGenerator, Func`4 bodyGenerator, Func`3 applyFilters)
   at Swashbuckle.AspNetCore.SwaggerGen.SwaggerGenerator.GenerateOperationAsync(OpenApiDocument document, ApiDescription apiDescription, SchemaRepository schemaRepository)
   at Swashbuckle.AspNetCore.SwaggerGen.SwaggerGenerator.GenerateOperationsAsync(OpenApiDocument document, IEnumerable`1 apiDescriptions, SchemaRepository schemaRepository)
   at Swashbuckle.AspNetCore.SwaggerGen.SwaggerGenerator.GeneratePathsAsync(OpenApiDocument document, IEnumerable`1 apiDescriptions, SchemaRepository schemaRepository, Func`4 operationsGenerator)
   at Swashbuckle.AspNetCore.SwaggerGen.SwaggerGenerator.GeneratePathsAsync(OpenApiDocument document, IEnumerable`1 apiDescriptions, SchemaRepository schemaRepository)
   at Swashbuckle.AspNetCore.SwaggerGen.SwaggerGenerator.GetSwaggerAsync(String documentName, String host, String basePath)
   at Swashbuckle.AspNetCore.Swagger.SwaggerMiddleware.Invoke(HttpContext httpContext, ISwaggerProvider swaggerProvider)
   at Serilog.AspNetCore.RequestLoggingMiddleware.Invoke(HttpContext httpContext)
   at FishLink.API.Middleware.ErrorHandlingMiddleware.InvokeAsync(HttpContext context) in C:\Users\gajan\Desktop\SEF-assigment-01-main\SEF-assigment-01-main\FishLink.API\Middleware\ErrorHandlingMiddleware.cs:line 26
2026-09-26 07:46:45.585 +05:30 [INF] Serilog.AspNetCore.RequestLoggingMiddleware HTTP GET /swagger/index.html responded 304 in 0.790 ms
2026-09-26 07:46:45.673 +05:30 [INF] Serilog.AspNetCore.RequestLoggingMiddleware HTTP GET /swagger/swagger-ui.css responded 304 in 0.145 ms
2026-09-26 07:46:45.678 +05:30 [INF] Serilog.AspNetCore.RequestLoggingMiddleware HTTP GET /swagger/index.css responded 304 in 0.086 ms
2026-09-26 07:46:45.680 +05:30 [INF] Serilog.AspNetCore.RequestLoggingMiddleware HTTP GET /swagger/swagger-ui-bundle.js responded 304 in 0.079 ms
2026-09-26 07:46:45.684 +05:30 [INF] Serilog.AspNetCore.RequestLoggingMiddleware HTTP GET /swagger/swagger-ui-standalone-preset.js responded 304 in 0.085 ms
2026-09-26 07:46:45.689 +05:30 [INF] Serilog.AspNetCore.RequestLoggingMiddleware HTTP GET /swagger/index.js responded 304 in 0.426 ms
2026-09-26 07:46:46.157 +05:30 [ERR] Serilog.AspNetCore.RequestLoggingMiddleware HTTP GET /swagger/v1/swagger.json responded 500 in 18.838 ms
System.MissingMethodException: Method not found: 'System.Collections.Generic.IDictionary`2<System.String,Microsoft.OpenApi.OpenApiMediaType> Microsoft.OpenApi.IOpenApiRequestBody.get_Content()'.
   at Swashbuckle.AspNetCore.SwaggerGen.SwaggerGenerator.GenerateOpenApiOperationFromMetadataAsync(ApiDescription apiDescription, SchemaRepository schemaRepository, OpenApiDocument document)
   at System.Runtime.CompilerServices.AsyncMethodBuilderCore.Start[TStateMachine](TStateMachine& stateMachine)
   at Swashbuckle.AspNetCore.SwaggerGen.SwaggerGenerator.GenerateOpenApiOperationFromMetadataAsync(ApiDescription apiDescription, SchemaRepository schemaRepository, OpenApiDocument document)
   at Swashbuckle.AspNetCore.SwaggerGen.SwaggerGenerator.GenerateOperationAsync(OpenApiDocument document, ApiDescription apiDescription, SchemaRepository schemaRepository, Func`4 parametersGenerator, Func`4 bodyGenerator, Func`3 applyFilters)
   at Swashbuckle.AspNetCore.SwaggerGen.SwaggerGenerator.GenerateOperationAsync(OpenApiDocument document, ApiDescription apiDescription, SchemaRepository schemaRepository)
   at Swashbuckle.AspNetCore.SwaggerGen.SwaggerGenerator.GenerateOperationsAsync(OpenApiDocument document, IEnumerable`1 apiDescriptions, SchemaRepository schemaRepository)
   at Swashbuckle.AspNetCore.SwaggerGen.SwaggerGenerator.GeneratePathsAsync(OpenApiDocument document, IEnumerable`1 apiDescriptions, SchemaRepository schemaRepository, Func`4 operationsGenerator)
   at Swashbuckle.AspNetCore.SwaggerGen.SwaggerGenerator.GeneratePathsAsync(OpenApiDocument document, IEnumerable`1 apiDescriptions, SchemaRepository schemaRepository)
   at Swashbuckle.AspNetCore.SwaggerGen.SwaggerGenerator.GetSwaggerAsync(String documentName, String host, String basePath)
   at Swashbuckle.AspNetCore.Swagger.SwaggerMiddleware.Invoke(HttpContext httpContext, ISwaggerProvider swaggerProvider)
   at Serilog.AspNetCore.RequestLoggingMiddleware.Invoke(HttpContext httpContext)
2026-09-26 07:46:46.164 +05:30 [INF] Serilog.AspNetCore.RequestLoggingMiddleware HTTP GET /swagger/favicon-32x32.png responded 304 in 0.104 ms
2026-09-26 07:46:46.215 +05:30 [ERR] FishLink.API.Middleware.ErrorHandlingMiddleware Unhandled exception on GET /swagger/v1/swagger.json — Method not found: 'System.Collections.Generic.IDictionary`2<System.String,Microsoft.OpenApi.OpenApiMediaType> Microsoft.OpenApi.IOpenApiRequestBody.get_Content()'.
System.MissingMethodException: Method not found: 'System.Collections.Generic.IDictionary`2<System.String,Microsoft.OpenApi.OpenApiMediaType> Microsoft.OpenApi.IOpenApiRequestBody.get_Content()'.
   at Swashbuckle.AspNetCore.SwaggerGen.SwaggerGenerator.GenerateOpenApiOperationFromMetadataAsync(ApiDescription apiDescription, SchemaRepository schemaRepository, OpenApiDocument document)
   at System.Runtime.CompilerServices.AsyncMethodBuilderCore.Start[TStateMachine](TStateMachine& stateMachine)
   at Swashbuckle.AspNetCore.SwaggerGen.SwaggerGenerator.GenerateOpenApiOperationFromMetadataAsync(ApiDescription apiDescription, SchemaRepository schemaRepository, OpenApiDocument document)
   at Swashbuckle.AspNetCore.SwaggerGen.SwaggerGenerator.GenerateOperationAsync(OpenApiDocument document, ApiDescription apiDescription, SchemaRepository schemaRepository, Func`4 parametersGenerator, Func`4 bodyGenerator, Func`3 applyFilters)
   at Swashbuckle.AspNetCore.SwaggerGen.SwaggerGenerator.GenerateOperationAsync(OpenApiDocument document, ApiDescription apiDescription, SchemaRepository schemaRepository)
   at Swashbuckle.AspNetCore.SwaggerGen.SwaggerGenerator.GenerateOperationsAsync(OpenApiDocument document, IEnumerable`1 apiDescriptions, SchemaRepository schemaRepository)
   at Swashbuckle.AspNetCore.SwaggerGen.SwaggerGenerator.GeneratePathsAsync(OpenApiDocument document, IEnumerable`1 apiDescriptions, SchemaRepository schemaRepository, Func`4 operationsGenerator)
   at Swashbuckle.AspNetCore.SwaggerGen.SwaggerGenerator.GeneratePathsAsync(OpenApiDocument document, IEnumerable`1 apiDescriptions, SchemaRepository schemaRepository)
   at Swashbuckle.AspNetCore.SwaggerGen.SwaggerGenerator.GetSwaggerAsync(String documentName, String host, String basePath)
   at Swashbuckle.AspNetCore.Swagger.SwaggerMiddleware.Invoke(HttpContext httpContext, ISwaggerProvider swaggerProvider)
   at Serilog.AspNetCore.RequestLoggingMiddleware.Invoke(HttpContext httpContext)
   at FishLink.API.Middleware.ErrorHandlingMiddleware.InvokeAsync(HttpContext context) in C:\Users\gajan\Desktop\SEF-assigment-01-main\SEF-assigment-01-main\FishLink.API\Middleware\ErrorHandlingMiddleware.cs:line 26
